WARNING: GATK v4.2.6.1 support for Java 11 is in beta state. Use at your own risk.
Using GATK jar /mnt/ss/sib/ibu/rocky8/2023072800/software/GATK/4.2.6.1-GCCcore-10.3.0-Java-11/gatk-package-4.2.6.1-local.jar
Running:
    java -Dsamjdk.use_async_io_read_samtools=false -Dsamjdk.use_async_io_write_samtools=true -Dsamjdk.use_async_io_write_tribble=false -Dsamjdk.compression_level=2 -Xmx24g -XX:ActiveProcessorCount=4 -jar /mnt/ss/sib/ibu/rocky8/2023072800/software/GATK/4.2.6.1-GCCcore-10.3.0-Java-11/gatk-package-4.2.6.1-local.jar CollectMultipleMetrics -I /data/users/qwang/CancerGenomics/output/03_markduplicates/normal_marked.bam -O /data/users/qwang/CancerGenomics/output/04_metrics/normal -R /data/courses/cancergenomics/VAR_CALLING/bwa_idx/genome.fa
INFO	2026-10-09 16:16:32	RExecutor	Executing R script via command: Rscript /tmp/script8088580081589342679.R
INFO	2026-10-09 16:16:33	ProcessExecutor	[1] "Checking if R is installed"
16:16:33.473 INFO  NativeLibraryLoader - Loading libgkl_compression.so from jar:file:/mnt/ss/sib/ibu/rocky8/2023072800/software/GATK/4.2.6.1-GCCcore-10.3.0-Java-11/gatk-package-4.2.6.1-local.jar!/com/intel/gkl/native/libgkl_compression.so
[Fri Oct 09 16:16:33 CEST 2026] CollectMultipleMetrics --INPUT /data/users/qwang/CancerGenomics/output/03_markduplicates/normal_marked.bam --OUTPUT /data/users/qwang/CancerGenomics/output/04_metrics/normal --REFERENCE_SEQUENCE /data/courses/cancergenomics/VAR_CALLING/bwa_idx/genome.fa --ASSUME_SORTED true --STOP_AFTER 0 --METRIC_ACCUMULATION_LEVEL ALL_READS --PROGRAM CollectAlignmentSummaryMetrics --PROGRAM CollectBaseDistributionByCycle --PROGRAM CollectInsertSizeMetrics --PROGRAM MeanQualityByCycle --PROGRAM QualityScoreDistribution --INCLUDE_UNPAIRED false --VERBOSITY INFO --QUIET false --VALIDATION_STRINGENCY STRICT --COMPRESSION_LEVEL 2 --MAX_RECORDS_IN_RAM 500000 --CREATE_INDEX false --CREATE_MD5_FILE false --GA4GH_CLIENT_SECRETS client_secrets.json --help false --version false --showHidden false --USE_JDK_DEFLATER false --USE_JDK_INFLATER false
[Fri Oct 09 16:16:33 CEST 2026] Executing as qwang@binfservas31 on Linux 4.18.0-553.85.1.el8_10.x86_64 amd64; OpenJDK 64-Bit Server VM 11.0.18+10; Deflater: Intel; Inflater: Intel; Provider GCS is available; Picard version: Version:4.2.6.1
INFO	2026-10-09 16:16:49	SinglePassSamProgram	Processed     1,000,000 records.  Elapsed time: 00:00:15s.  Time for last 1,000,000:   13s.  Last read position: chr6:42,822,797
INFO	2026-10-09 16:16:54	SinglePassSamProgram	Processed     2,000,000 records.  Elapsed time: 00:00:20s.  Time for last 1,000,000:    5s.  Last read position: chr6:83,153,401
INFO	2026-10-09 16:17:00	SinglePassSamProgram	Processed     3,000,000 records.  Elapsed time: 00:00:26s.  Time for last 1,000,000:    5s.  Last read position: chr6:117,542,979
INFO	2026-10-09 16:17:05	SinglePassSamProgram	Processed     4,000,000 records.  Elapsed time: 00:00:31s.  Time for last 1,000,000:    5s.  Last read position: chr6:149,964,163
INFO	2026-10-09 16:17:20	SinglePassSamProgram	Processed     5,000,000 records.  Elapsed time: 00:00:46s.  Time for last 1,000,000:   14s.  Last read position: chr17:745,706
INFO	2026-10-09 16:17:25	SinglePassSamProgram	Processed     6,000,000 records.  Elapsed time: 00:00:51s.  Time for last 1,000,000:    5s.  Last read position: chr17:8,890,644
INFO	2026-10-09 16:17:31	SinglePassSamProgram	Processed     7,000,000 records.  Elapsed time: 00:00:57s.  Time for last 1,000,000:    6s.  Last read position: chr17:19,560,371
INFO	2026-10-09 16:17:37	SinglePassSamProgram	Processed     8,000,000 records.  Elapsed time: 00:01:03s.  Time for last 1,000,000:    5s.  Last read position: chr17:35,150,287
INFO	2026-10-09 16:17:44	SinglePassSamProgram	Processed     9,000,000 records.  Elapsed time: 00:01:09s.  Time for last 1,000,000:    6s.  Last read position: chr17:42,698,627
INFO	2026-10-09 16:17:49	SinglePassSamProgram	Processed    10,000,000 records.  Elapsed time: 00:01:15s.  Time for last 1,000,000:    5s.  Last read position: chr17:52,257,478
INFO	2026-10-09 16:17:55	SinglePassSamProgram	Processed    11,000,000 records.  Elapsed time: 00:01:21s.  Time for last 1,000,000:    5s.  Last read position: chr17:67,201,108
INFO	2026-10-09 16:18:00	SinglePassSamProgram	Processed    12,000,000 records.  Elapsed time: 00:01:26s.  Time for last 1,000,000:    5s.  Last read position: chr17:81,438,383
INFO	2026-10-09 16:18:05	RExecutor	Executing R script via command: Rscript /tmp/script16688463894063920729.R /data/users/qwang/CancerGenomics/output/04_metrics/normal.alignment_summary_metrics /data/users/qwang/CancerGenomics/output/04_metrics/normal.read_length_histogram.pdf normal_marked.bam
INFO	2026-10-09 16:18:05	ProcessExecutor	null device 
INFO	2026-10-09 16:18:05	ProcessExecutor	          1 
INFO	2026-10-09 16:18:05	RExecutor	Executing R script via command: Rscript /tmp/script4148248568553245504.R /data/users/qwang/CancerGenomics/output/04_metrics/normal.base_distribution_by_cycle_metrics /data/users/qwang/CancerGenomics/output/04_metrics/normal.base_distribution_by_cycle.pdf normal_marked.bam normal
INFO	2026-10-09 16:18:06	ProcessExecutor	null device 
INFO	2026-10-09 16:18:06	ProcessExecutor	          1 
INFO	2026-10-09 16:18:47	RExecutor	Executing R script via command: Rscript /tmp/script7132945549300196575.R /data/users/qwang/CancerGenomics/output/04_metrics/normal.insert_size_metrics /data/users/qwang/CancerGenomics/output/04_metrics/normal.insert_size_histogram.pdf normal_marked.bam
INFO	2026-10-09 16:18:47	ProcessExecutor	null device 
INFO	2026-10-09 16:18:47	ProcessExecutor	          1 
INFO	2026-10-09 16:18:47	RExecutor	Executing R script via command: Rscript /tmp/script13163610438480358151.R /data/users/qwang/CancerGenomics/output/04_metrics/normal.quality_by_cycle_metrics /data/users/qwang/CancerGenomics/output/04_metrics/normal.quality_by_cycle.pdf normal_marked.bam normal
INFO	2026-10-09 16:18:48	ProcessExecutor	null device 
INFO	2026-10-09 16:18:48	ProcessExecutor	          1 
INFO	2026-10-09 16:18:48	RExecutor	Executing R script via command: Rscript /tmp/script7738314391760882289.R /data/users/qwang/CancerGenomics/output/04_metrics/normal.quality_distribution_metrics /data/users/qwang/CancerGenomics/output/04_metrics/normal.quality_distribution.pdf normal_marked.bam normal
INFO	2026-10-09 16:18:48	ProcessExecutor	null device 
INFO	2026-10-09 16:18:48	ProcessExecutor	          1 
[Fri Oct 09 16:18:48 CEST 2026] picard.analysis.CollectMultipleMetrics done. Elapsed time: 2.25 minutes.
Runtime.totalMemory()=2147483648
Using GATK jar /mnt/ss/sib/ibu/rocky8/2023072800/software/GATK/4.2.6.1-GCCcore-10.3.0-Java-11/gatk-package-4.2.6.1-local.jar
Running:
    java -Dsamjdk.use_async_io_read_samtools=false -Dsamjdk.use_async_io_write_samtools=true -Dsamjdk.use_async_io_write_tribble=false -Dsamjdk.compression_level=2 -Xmx24g -XX:ActiveProcessorCount=4 -jar /mnt/ss/sib/ibu/rocky8/2023072800/software/GATK/4.2.6.1-GCCcore-10.3.0-Java-11/gatk-package-4.2.6.1-local.jar CollectMultipleMetrics -I /data/users/qwang/CancerGenomics/output/03_markduplicates/tumor_marked.bam -O /data/users/qwang/CancerGenomics/output/04_metrics/tumor -R /data/courses/cancergenomics/VAR_CALLING/bwa_idx/genome.fa
INFO	2026-10-09 16:19:50	RExecutor	Executing R script via command: Rscript /tmp/script16717933474177728433.R
INFO	2026-10-09 16:19:50	ProcessExecutor	[1] "Checking if R is installed"
16:19:50.843 INFO  NativeLibraryLoader - Loading libgkl_compression.so from jar:file:/mnt/ss/sib/ibu/rocky8/2023072800/software/GATK/4.2.6.1-GCCcore-10.3.0-Java-11/gatk-package-4.2.6.1-local.jar!/com/intel/gkl/native/libgkl_compression.so
[Fri Oct 09 16:19:50 CEST 2026] CollectMultipleMetrics --INPUT /data/users/qwang/CancerGenomics/output/03_markduplicates/tumor_marked.bam --OUTPUT /data/users/qwang/CancerGenomics/output/04_metrics/tumor --REFERENCE_SEQUENCE /data/courses/cancergenomics/VAR_CALLING/bwa_idx/genome.fa --ASSUME_SORTED true --STOP_AFTER 0 --METRIC_ACCUMULATION_LEVEL ALL_READS --PROGRAM CollectAlignmentSummaryMetrics --PROGRAM CollectBaseDistributionByCycle --PROGRAM CollectInsertSizeMetrics --PROGRAM MeanQualityByCycle --PROGRAM QualityScoreDistribution --INCLUDE_UNPAIRED false --VERBOSITY INFO --QUIET false --VALIDATION_STRINGENCY STRICT --COMPRESSION_LEVEL 2 --MAX_RECORDS_IN_RAM 500000 --CREATE_INDEX false --CREATE_MD5_FILE false --GA4GH_CLIENT_SECRETS client_secrets.json --help false --version false --showHidden false --USE_JDK_DEFLATER false --USE_JDK_INFLATER false
[Fri Oct 09 16:19:50 CEST 2026] Executing as qwang@binfservas31 on Linux 4.18.0-553.85.1.el8_10.x86_64 amd64; OpenJDK 64-Bit Server VM 11.0.18+10; Deflater: Intel; Inflater: Intel; Provider GCS is available; Picard version: Version:4.2.6.1
INFO	2026-10-09 16:20:05	SinglePassSamProgram	Processed     1,000,000 records.  Elapsed time: 00:00:13s.  Time for last 1,000,000:   11s.  Last read position: chr6:22,297,040
INFO	2026-10-09 16:20:10	SinglePassSamProgram	Processed     2,000,000 records.  Elapsed time: 00:00:19s.  Time for last 1,000,000:    5s.  Last read position: chr6:36,209,618
INFO	2026-10-09 16:20:16	SinglePassSamProgram	Processed     3,000,000 records.  Elapsed time: 00:00:25s.  Time for last 1,000,000:    5s.  Last read position: chr6:46,710,616
INFO	2026-10-09 16:20:21	SinglePassSamProgram	Processed     4,000,000 records.  Elapsed time: 00:00:30s.  Time for last 1,000,000:    5s.  Last read position: chr6:78,403,662
INFO	2026-10-09 16:20:27	SinglePassSamProgram	Processed     5,000,000 records.  Elapsed time: 00:00:36s.  Time for last 1,000,000:    5s.  Last read position: chr6:113,223,504
INFO	2026-10-09 16:20:32	SinglePassSamProgram	Processed     6,000,000 records.  Elapsed time: 00:00:41s.  Time for last 1,000,000:    5s.  Last read position: chr6:136,713,878
INFO	2026-10-09 16:20:38	SinglePassSamProgram	Processed     7,000,000 records.  Elapsed time: 00:00:47s.  Time for last 1,000,000:    5s.  Last read position: chr6:160,040,691
INFO	2026-10-09 16:20:51	SinglePassSamProgram	Processed     8,000,000 records.  Elapsed time: 00:01:00s.  Time for last 1,000,000:   13s.  Last read position: chr17:4,077,999
INFO	2026-10-09 16:20:57	SinglePassSamProgram	Processed     9,000,000 records.  Elapsed time: 00:01:06s.  Time for last 1,000,000:    5s.  Last read position: chr17:10,036,458
INFO	2026-10-09 16:21:03	SinglePassSamProgram	Processed    10,000,000 records.  Elapsed time: 00:01:12s.  Time for last 1,000,000:    6s.  Last read position: chr17:18,735,461
INFO	2026-10-09 16:21:09	SinglePassSamProgram	Processed    11,000,000 records.  Elapsed time: 00:01:18s.  Time for last 1,000,000:    6s.  Last read position: chr17:35,193,360
INFO	2026-10-09 16:21:15	SinglePassSamProgram	Processed    12,000,000 records.  Elapsed time: 00:01:24s.  Time for last 1,000,000:    6s.  Last read position: chr17:43,849,007
INFO	2026-10-09 16:21:21	SinglePassSamProgram	Processed    13,000,000 records.  Elapsed time: 00:01:30s.  Time for last 1,000,000:    5s.  Last read position: chr17:60,017,057
INFO	2026-10-09 16:21:27	SinglePassSamProgram	Processed    14,000,000 records.  Elapsed time: 00:01:36s.  Time for last 1,000,000:    5s.  Last read position: chr17:72,646,707
INFO	2026-10-09 16:21:32	SinglePassSamProgram	Processed    15,000,000 records.  Elapsed time: 00:01:41s.  Time for last 1,000,000:    5s.  Last read position: chr17:78,973,011
INFO	2026-10-09 16:21:44	RExecutor	Executing R script via command: Rscript /tmp/script13758635344796078056.R /data/users/qwang/CancerGenomics/output/04_metrics/tumor.alignment_summary_metrics /data/users/qwang/CancerGenomics/output/04_metrics/tumor.read_length_histogram.pdf tumor_marked.bam
INFO	2026-10-09 16:21:44	ProcessExecutor	null device 
INFO	2026-10-09 16:21:44	ProcessExecutor	          1 
INFO	2026-10-09 16:21:44	RExecutor	Executing R script via command: Rscript /tmp/script10190769620062946083.R /data/users/qwang/CancerGenomics/output/04_metrics/tumor.base_distribution_by_cycle_metrics /data/users/qwang/CancerGenomics/output/04_metrics/tumor.base_distribution_by_cycle.pdf tumor_marked.bam tumor
INFO	2026-10-09 16:21:44	ProcessExecutor	null device 
INFO	2026-10-09 16:21:44	ProcessExecutor	          1 
INFO	2026-10-09 16:22:26	RExecutor	Executing R script via command: Rscript /tmp/script8910017346746798209.R /data/users/qwang/CancerGenomics/output/04_metrics/tumor.insert_size_metrics /data/users/qwang/CancerGenomics/output/04_metrics/tumor.insert_size_histogram.pdf tumor_marked.bam
INFO	2026-10-09 16:22:27	ProcessExecutor	null device 
INFO	2026-10-09 16:22:27	ProcessExecutor	          1 
INFO	2026-10-09 16:22:27	RExecutor	Executing R script via command: Rscript /tmp/script16801044284529969083.R /data/users/qwang/CancerGenomics/output/04_metrics/tumor.quality_by_cycle_metrics /data/users/qwang/CancerGenomics/output/04_metrics/tumor.quality_by_cycle.pdf tumor_marked.bam tumor
INFO	2026-10-09 16:22:27	ProcessExecutor	null device 
INFO	2026-10-09 16:22:27	ProcessExecutor	          1 
INFO	2026-10-09 16:22:27	RExecutor	Executing R script via command: Rscript /tmp/script6336605319740896046.R /data/users/qwang/CancerGenomics/output/04_metrics/tumor.quality_distribution_metrics /data/users/qwang/CancerGenomics/output/04_metrics/tumor.quality_distribution.pdf tumor_marked.bam tumor
INFO	2026-10-09 16:22:27	ProcessExecutor	null device 
INFO	2026-10-09 16:22:27	ProcessExecutor	          1 
[Fri Oct 09 16:22:28 CEST 2026] picard.analysis.CollectMultipleMetrics done. Elapsed time: 2.62 minutes.
Runtime.totalMemory()=2147483648

/// MultiQC 🔍 v1.33

     version_check | MultiQC Version v1.35 now available!
       file_search | Search path: /data/users/qwang/CancerGenomics

            picard | Found 2 AlignmentSummaryMetrics reports
            picard | Found 4 BaseDistributionByCycleMetrics reports
            picard | Found 2 InsertSizeMetrics reports
            picard | Found 2 MarkDuplicates reports
            picard | Found 2 QualityByCycleMetrics reports
            picard | Found 2 QualityScoreDistributionMetrics reports
             fastp | Found 2 reports
            fastqc | Found 4 reports

     write_results | Data        : output/01_qc/03_multiqc/multiqc_data   (overwritten)
     write_results | Report      : output/01_qc/03_multiqc/multiqc_report.html   (overwritten)
           multiqc | MultiQC complete
