WARNING: GATK v4.2.6.1 support for Java 11 is in beta state. Use at your own risk.
Using GATK jar /mnt/ss/sib/ibu/rocky8/2023072800/software/GATK/4.2.6.1-GCCcore-10.3.0-Java-11/gatk-package-4.2.6.1-local.jar
Running:
    java -Dsamjdk.use_async_io_read_samtools=false -Dsamjdk.use_async_io_write_samtools=true -Dsamjdk.use_async_io_write_tribble=false -Dsamjdk.compression_level=2 -Xmx24g -XX:ActiveProcessorCount=4 -jar /mnt/ss/sib/ibu/rocky8/2023072800/software/GATK/4.2.6.1-GCCcore-10.3.0-Java-11/gatk-package-4.2.6.1-local.jar MarkDuplicates -I /data/users/qwang/CancerGenomics/output/02_alignment/normal_sorted.bam -O /data/users/qwang/CancerGenomics/output/03_markduplicates/normal_marked.bam -M /data/users/qwang/CancerGenomics/output/03_markduplicates/normal_metrics.txt --TMP_DIR /data/users/qwang/CancerGenomics/output/03_markduplicates
15:32:56.999 INFO  NativeLibraryLoader - Loading libgkl_compression.so from jar:file:/mnt/ss/sib/ibu/rocky8/2023072800/software/GATK/4.2.6.1-GCCcore-10.3.0-Java-11/gatk-package-4.2.6.1-local.jar!/com/intel/gkl/native/libgkl_compression.so
[Fri Oct 09 15:32:57 CEST 2026] MarkDuplicates --INPUT /data/users/qwang/CancerGenomics/output/02_alignment/normal_sorted.bam --OUTPUT /data/users/qwang/CancerGenomics/output/03_markduplicates/normal_marked.bam --METRICS_FILE /data/users/qwang/CancerGenomics/output/03_markduplicates/normal_metrics.txt --TMP_DIR /data/users/qwang/CancerGenomics/output/03_markduplicates --MAX_SEQUENCES_FOR_DISK_READ_ENDS_MAP 50000 --MAX_FILE_HANDLES_FOR_READ_ENDS_MAP 8000 --SORTING_COLLECTION_SIZE_RATIO 0.25 --TAG_DUPLICATE_SET_MEMBERS false --REMOVE_SEQUENCING_DUPLICATES false --TAGGING_POLICY DontTag --CLEAR_DT true --DUPLEX_UMI false --ADD_PG_TAG_TO_READS true --REMOVE_DUPLICATES false --ASSUME_SORTED false --DUPLICATE_SCORING_STRATEGY SUM_OF_BASE_QUALITIES --PROGRAM_RECORD_ID MarkDuplicates --PROGRAM_GROUP_NAME MarkDuplicates --READ_NAME_REGEX <optimized capture of last three ':' separated fields as numeric values> --OPTICAL_DUPLICATE_PIXEL_DISTANCE 100 --MAX_OPTICAL_DUPLICATE_SET_SIZE 300000 --VERBOSITY INFO --QUIET false --VALIDATION_STRINGENCY STRICT --COMPRESSION_LEVEL 2 --MAX_RECORDS_IN_RAM 500000 --CREATE_INDEX false --CREATE_MD5_FILE false --GA4GH_CLIENT_SECRETS client_secrets.json --help false --version false --showHidden false --USE_JDK_DEFLATER false --USE_JDK_INFLATER false
[Fri Oct 09 15:32:57 CEST 2026] Executing as qwang@binfservas19 on Linux 4.18.0-553.85.1.el8_10.x86_64 amd64; OpenJDK 64-Bit Server VM 11.0.18+10; Deflater: Intel; Inflater: Intel; Provider GCS is available; Picard version: Version:4.2.6.1
INFO	2026-10-09 15:32:57	MarkDuplicates	Start of doWork freeMemory: 85280496; totalMemory: 113246208; maxMemory: 25769803776
INFO	2026-10-09 15:32:57	MarkDuplicates	Reading input file and constructing read end information.
INFO	2026-10-09 15:32:57	MarkDuplicates	Will retain up to 93368854 data points before spilling to disk.
INFO	2026-10-09 15:33:05	MarkDuplicates	Read     1,000,000 records.  Elapsed time: 00:00:07s.  Time for last 1,000,000:    7s.  Last read position: chr6:42,822,797
INFO	2026-10-09 15:33:05	MarkDuplicates	Tracking 27220 as yet unmatched pairs. 10319 records in RAM.
INFO	2026-10-09 15:33:09	MarkDuplicates	Read     2,000,000 records.  Elapsed time: 00:00:11s.  Time for last 1,000,000:    3s.  Last read position: chr6:83,153,401
INFO	2026-10-09 15:33:09	MarkDuplicates	Tracking 29807 as yet unmatched pairs. 7890 records in RAM.
INFO	2026-10-09 15:33:12	MarkDuplicates	Read     3,000,000 records.  Elapsed time: 00:00:14s.  Time for last 1,000,000:    3s.  Last read position: chr6:117,542,979
INFO	2026-10-09 15:33:12	MarkDuplicates	Tracking 31968 as yet unmatched pairs. 4974 records in RAM.
INFO	2026-10-09 15:33:16	MarkDuplicates	Read     4,000,000 records.  Elapsed time: 00:00:18s.  Time for last 1,000,000:    3s.  Last read position: chr6:149,964,163
INFO	2026-10-09 15:33:16	MarkDuplicates	Tracking 34101 as yet unmatched pairs. 2382 records in RAM.
INFO	2026-10-09 15:33:24	MarkDuplicates	Read     5,000,000 records.  Elapsed time: 00:00:26s.  Time for last 1,000,000:    8s.  Last read position: chr17:745,706
INFO	2026-10-09 15:33:24	MarkDuplicates	Tracking 34227 as yet unmatched pairs. 28398 records in RAM.
INFO	2026-10-09 15:33:28	MarkDuplicates	Read     6,000,000 records.  Elapsed time: 00:00:30s.  Time for last 1,000,000:    3s.  Last read position: chr17:8,890,644
INFO	2026-10-09 15:33:28	MarkDuplicates	Tracking 31448 as yet unmatched pairs. 24945 records in RAM.
INFO	2026-10-09 15:33:31	MarkDuplicates	Read     7,000,000 records.  Elapsed time: 00:00:33s.  Time for last 1,000,000:    3s.  Last read position: chr17:19,560,371
INFO	2026-10-09 15:33:31	MarkDuplicates	Tracking 28920 as yet unmatched pairs. 21676 records in RAM.
INFO	2026-10-09 15:33:35	MarkDuplicates	Read     8,000,000 records.  Elapsed time: 00:00:37s.  Time for last 1,000,000:    3s.  Last read position: chr17:35,150,287
INFO	2026-10-09 15:33:35	MarkDuplicates	Tracking 25278 as yet unmatched pairs. 17029 records in RAM.
INFO	2026-10-09 15:33:38	MarkDuplicates	Read     9,000,000 records.  Elapsed time: 00:00:40s.  Time for last 1,000,000:    3s.  Last read position: chr17:42,698,627
INFO	2026-10-09 15:33:38	MarkDuplicates	Tracking 22795 as yet unmatched pairs. 13888 records in RAM.
INFO	2026-10-09 15:33:42	MarkDuplicates	Read    10,000,000 records.  Elapsed time: 00:00:44s.  Time for last 1,000,000:    3s.  Last read position: chr17:52,257,478
INFO	2026-10-09 15:33:42	MarkDuplicates	Tracking 19561 as yet unmatched pairs. 9979 records in RAM.
INFO	2026-10-09 15:33:45	MarkDuplicates	Read    11,000,000 records.  Elapsed time: 00:00:47s.  Time for last 1,000,000:    3s.  Last read position: chr17:67,201,108
INFO	2026-10-09 15:33:45	MarkDuplicates	Tracking 15898 as yet unmatched pairs. 5597 records in RAM.
INFO	2026-10-09 15:33:48	MarkDuplicates	Read    12,000,000 records.  Elapsed time: 00:00:51s.  Time for last 1,000,000:    3s.  Last read position: chr17:81,438,383
INFO	2026-10-09 15:33:48	MarkDuplicates	Tracking 12159 as yet unmatched pairs. 1041 records in RAM.
INFO	2026-10-09 15:33:51	MarkDuplicates	Read 12246844 records. 0 pairs never matched.
INFO	2026-10-09 15:33:52	MarkDuplicates	After buildSortedReadEndLists freeMemory: 4803035192; totalMemory: 6908018688; maxMemory: 25769803776
INFO	2026-10-09 15:33:52	MarkDuplicates	Will retain up to 805306368 duplicate indices before spilling to disk.
INFO	2026-10-09 15:33:53	MarkDuplicates	Traversing read pair information and detecting duplicates.
INFO	2026-10-09 15:33:56	MarkDuplicates	Traversing fragment information and detecting duplicates.
INFO	2026-10-09 15:33:58	MarkDuplicates	Sorting list of duplicate records.
INFO	2026-10-09 15:33:58	MarkDuplicates	After generateDuplicateIndexes freeMemory: 6878463048; totalMemory: 13354663936; maxMemory: 25769803776
INFO	2026-10-09 15:33:58	MarkDuplicates	Marking 1297651 records as duplicates.
INFO	2026-10-09 15:33:58	MarkDuplicates	Found 2012 optical duplicate clusters.
INFO	2026-10-09 15:33:58	MarkDuplicates	Reads are assumed to be ordered by: coordinate
INFO	2026-10-09 15:34:31	MarkDuplicates	Written    10,000,000 records.  Elapsed time: 00:00:32s.  Time for last 10,000,000:   32s.  Last read position: chr17:52,257,478
INFO	2026-10-09 15:34:39	MarkDuplicates	Writing complete. Closing input iterator.
INFO	2026-10-09 15:34:39	MarkDuplicates	Duplicate Index cleanup.
INFO	2026-10-09 15:34:39	MarkDuplicates	Getting Memory Stats.
INFO	2026-10-09 15:34:39	MarkDuplicates	Before output close freeMemory: 3278720504; totalMemory: 13354663936; maxMemory: 25769803776
INFO	2026-10-09 15:34:39	MarkDuplicates	Closed outputs. Getting more Memory Stats.
INFO	2026-10-09 15:34:39	MarkDuplicates	After output close freeMemory: 84295480; totalMemory: 113246208; maxMemory: 25769803776
[Fri Oct 09 15:34:39 CEST 2026] picard.sam.markduplicates.MarkDuplicates done. Elapsed time: 1.70 minutes.
Runtime.totalMemory()=113246208
Using GATK jar /mnt/ss/sib/ibu/rocky8/2023072800/software/GATK/4.2.6.1-GCCcore-10.3.0-Java-11/gatk-package-4.2.6.1-local.jar
Running:
    java -Dsamjdk.use_async_io_read_samtools=false -Dsamjdk.use_async_io_write_samtools=true -Dsamjdk.use_async_io_write_tribble=false -Dsamjdk.compression_level=2 -Xmx24g -XX:ActiveProcessorCount=4 -jar /mnt/ss/sib/ibu/rocky8/2023072800/software/GATK/4.2.6.1-GCCcore-10.3.0-Java-11/gatk-package-4.2.6.1-local.jar MarkDuplicates -I /data/users/qwang/CancerGenomics/output/02_alignment/tumor_sorted.bam -O /data/users/qwang/CancerGenomics/output/03_markduplicates/tumor_marked.bam -M /data/users/qwang/CancerGenomics/output/03_markduplicates/tumor_metrics.txt --TMP_DIR /data/users/qwang/CancerGenomics/output/03_markduplicates
15:35:06.894 INFO  NativeLibraryLoader - Loading libgkl_compression.so from jar:file:/mnt/ss/sib/ibu/rocky8/2023072800/software/GATK/4.2.6.1-GCCcore-10.3.0-Java-11/gatk-package-4.2.6.1-local.jar!/com/intel/gkl/native/libgkl_compression.so
[Fri Oct 09 15:35:06 CEST 2026] MarkDuplicates --INPUT /data/users/qwang/CancerGenomics/output/02_alignment/tumor_sorted.bam --OUTPUT /data/users/qwang/CancerGenomics/output/03_markduplicates/tumor_marked.bam --METRICS_FILE /data/users/qwang/CancerGenomics/output/03_markduplicates/tumor_metrics.txt --TMP_DIR /data/users/qwang/CancerGenomics/output/03_markduplicates --MAX_SEQUENCES_FOR_DISK_READ_ENDS_MAP 50000 --MAX_FILE_HANDLES_FOR_READ_ENDS_MAP 8000 --SORTING_COLLECTION_SIZE_RATIO 0.25 --TAG_DUPLICATE_SET_MEMBERS false --REMOVE_SEQUENCING_DUPLICATES false --TAGGING_POLICY DontTag --CLEAR_DT true --DUPLEX_UMI false --ADD_PG_TAG_TO_READS true --REMOVE_DUPLICATES false --ASSUME_SORTED false --DUPLICATE_SCORING_STRATEGY SUM_OF_BASE_QUALITIES --PROGRAM_RECORD_ID MarkDuplicates --PROGRAM_GROUP_NAME MarkDuplicates --READ_NAME_REGEX <optimized capture of last three ':' separated fields as numeric values> --OPTICAL_DUPLICATE_PIXEL_DISTANCE 100 --MAX_OPTICAL_DUPLICATE_SET_SIZE 300000 --VERBOSITY INFO --QUIET false --VALIDATION_STRINGENCY STRICT --COMPRESSION_LEVEL 2 --MAX_RECORDS_IN_RAM 500000 --CREATE_INDEX false --CREATE_MD5_FILE false --GA4GH_CLIENT_SECRETS client_secrets.json --help false --version false --showHidden false --USE_JDK_DEFLATER false --USE_JDK_INFLATER false
[Fri Oct 09 15:35:07 CEST 2026] Executing as qwang@binfservas19 on Linux 4.18.0-553.85.1.el8_10.x86_64 amd64; OpenJDK 64-Bit Server VM 11.0.18+10; Deflater: Intel; Inflater: Intel; Provider GCS is available; Picard version: Version:4.2.6.1
INFO	2026-10-09 15:35:07	MarkDuplicates	Start of doWork freeMemory: 85289920; totalMemory: 113246208; maxMemory: 25769803776
INFO	2026-10-09 15:35:07	MarkDuplicates	Reading input file and constructing read end information.
INFO	2026-10-09 15:35:07	MarkDuplicates	Will retain up to 93368854 data points before spilling to disk.
INFO	2026-10-09 15:35:16	MarkDuplicates	Read     1,000,000 records.  Elapsed time: 00:00:08s.  Time for last 1,000,000:    8s.  Last read position: chr6:22,297,040
INFO	2026-10-09 15:35:16	MarkDuplicates	Tracking 28969 as yet unmatched pairs. 12577 records in RAM.
INFO	2026-10-09 15:35:20	MarkDuplicates	Read     2,000,000 records.  Elapsed time: 00:00:12s.  Time for last 1,000,000:    3s.  Last read position: chr6:36,209,618
INFO	2026-10-09 15:35:20	MarkDuplicates	Tracking 30585 as yet unmatched pairs. 11263 records in RAM.
INFO	2026-10-09 15:35:23	MarkDuplicates	Read     3,000,000 records.  Elapsed time: 00:00:16s.  Time for last 1,000,000:    3s.  Last read position: chr6:46,710,616
INFO	2026-10-09 15:35:23	MarkDuplicates	Tracking 32160 as yet unmatched pairs. 9895 records in RAM.
INFO	2026-10-09 15:35:27	MarkDuplicates	Read     4,000,000 records.  Elapsed time: 00:00:19s.  Time for last 1,000,000:    3s.  Last read position: chr6:78,403,662
INFO	2026-10-09 15:35:27	MarkDuplicates	Tracking 34419 as yet unmatched pairs. 7643 records in RAM.
INFO	2026-10-09 15:35:31	MarkDuplicates	Read     5,000,000 records.  Elapsed time: 00:00:23s.  Time for last 1,000,000:    3s.  Last read position: chr6:113,223,504
INFO	2026-10-09 15:35:31	MarkDuplicates	Tracking 36304 as yet unmatched pairs. 5711 records in RAM.
INFO	2026-10-09 15:35:34	MarkDuplicates	Read     6,000,000 records.  Elapsed time: 00:00:26s.  Time for last 1,000,000:    3s.  Last read position: chr6:136,713,878
INFO	2026-10-09 15:35:34	MarkDuplicates	Tracking 38539 as yet unmatched pairs. 3243 records in RAM.
INFO	2026-10-09 15:35:38	MarkDuplicates	Read     7,000,000 records.  Elapsed time: 00:00:30s.  Time for last 1,000,000:    3s.  Last read position: chr6:160,040,691
INFO	2026-10-09 15:35:38	MarkDuplicates	Tracking 40412 as yet unmatched pairs. 1009 records in RAM.
INFO	2026-10-09 15:35:48	MarkDuplicates	Read     8,000,000 records.  Elapsed time: 00:00:40s.  Time for last 1,000,000:   10s.  Last read position: chr17:4,077,999
INFO	2026-10-09 15:35:48	MarkDuplicates	Tracking 34999 as yet unmatched pairs. 27599 records in RAM.
INFO	2026-10-09 15:35:51	MarkDuplicates	Read     9,000,000 records.  Elapsed time: 00:00:44s.  Time for last 1,000,000:    3s.  Last read position: chr17:10,036,458
INFO	2026-10-09 15:35:51	MarkDuplicates	Tracking 32641 as yet unmatched pairs. 24693 records in RAM.
INFO	2026-10-09 15:35:55	MarkDuplicates	Read    10,000,000 records.  Elapsed time: 00:00:48s.  Time for last 1,000,000:    3s.  Last read position: chr17:18,735,461
INFO	2026-10-09 15:35:55	MarkDuplicates	Tracking 30313 as yet unmatched pairs. 21749 records in RAM.
INFO	2026-10-09 15:35:59	MarkDuplicates	Read    11,000,000 records.  Elapsed time: 00:00:51s.  Time for last 1,000,000:    3s.  Last read position: chr17:35,193,360
INFO	2026-10-09 15:35:59	MarkDuplicates	Tracking 27292 as yet unmatched pairs. 17817 records in RAM.
INFO	2026-10-09 15:36:02	MarkDuplicates	Read    12,000,000 records.  Elapsed time: 00:00:55s.  Time for last 1,000,000:    3s.  Last read position: chr17:43,849,007
INFO	2026-10-09 15:36:02	MarkDuplicates	Tracking 24543 as yet unmatched pairs. 14519 records in RAM.
INFO	2026-10-09 15:36:06	MarkDuplicates	Read    13,000,000 records.  Elapsed time: 00:00:58s.  Time for last 1,000,000:    3s.  Last read position: chr17:60,017,057
INFO	2026-10-09 15:36:06	MarkDuplicates	Tracking 21855 as yet unmatched pairs. 11204 records in RAM.
INFO	2026-10-09 15:36:10	MarkDuplicates	Read    14,000,000 records.  Elapsed time: 00:01:02s.  Time for last 1,000,000:    3s.  Last read position: chr17:72,646,707
INFO	2026-10-09 15:36:10	MarkDuplicates	Tracking 18244 as yet unmatched pairs. 6847 records in RAM.
INFO	2026-10-09 15:36:13	MarkDuplicates	Read    15,000,000 records.  Elapsed time: 00:01:05s.  Time for last 1,000,000:    3s.  Last read position: chr17:78,973,011
INFO	2026-10-09 15:36:13	MarkDuplicates	Tracking 15352 as yet unmatched pairs. 3325 records in RAM.
INFO	2026-10-09 15:36:18	MarkDuplicates	Read 15929332 records. 0 pairs never matched.
INFO	2026-10-09 15:36:19	MarkDuplicates	After buildSortedReadEndLists freeMemory: 4103005456; totalMemory: 6606028800; maxMemory: 25769803776
INFO	2026-10-09 15:36:19	MarkDuplicates	Will retain up to 805306368 duplicate indices before spilling to disk.
INFO	2026-10-09 15:36:20	MarkDuplicates	Traversing read pair information and detecting duplicates.
INFO	2026-10-09 15:36:23	MarkDuplicates	Traversing fragment information and detecting duplicates.
INFO	2026-10-09 15:36:25	MarkDuplicates	Sorting list of duplicate records.
INFO	2026-10-09 15:36:26	MarkDuplicates	After generateDuplicateIndexes freeMemory: 6576472664; totalMemory: 13052674048; maxMemory: 25769803776
INFO	2026-10-09 15:36:26	MarkDuplicates	Marking 1717403 records as duplicates.
INFO	2026-10-09 15:36:26	MarkDuplicates	Found 2570 optical duplicate clusters.
INFO	2026-10-09 15:36:26	MarkDuplicates	Reads are assumed to be ordered by: coordinate
INFO	2026-10-09 15:36:58	MarkDuplicates	Written    10,000,000 records.  Elapsed time: 00:00:32s.  Time for last 10,000,000:   32s.  Last read position: chr17:18,735,461
INFO	2026-10-09 15:37:18	MarkDuplicates	Writing complete. Closing input iterator.
INFO	2026-10-09 15:37:18	MarkDuplicates	Duplicate Index cleanup.
INFO	2026-10-09 15:37:18	MarkDuplicates	Getting Memory Stats.
INFO	2026-10-09 15:37:18	MarkDuplicates	Before output close freeMemory: 4576993632; totalMemory: 13052674048; maxMemory: 25769803776
INFO	2026-10-09 15:37:18	MarkDuplicates	Closed outputs. Getting more Memory Stats.
INFO	2026-10-09 15:37:18	MarkDuplicates	After output close freeMemory: 84306224; totalMemory: 113246208; maxMemory: 25769803776
[Fri Oct 09 15:37:18 CEST 2026] picard.sam.markduplicates.MarkDuplicates done. Elapsed time: 2.19 minutes.
Runtime.totalMemory()=113246208
